Archive member included because of file (symbol)

c:/winavr-20100110/bin/../lib/gcc/avr/4.3.3/avr5\libgcc.a(_udivmodhi4.o)
                              ./Software/HAL/LCD/LCD_CODE/LCD_Prog.o (__udivmodhi4)
c:/winavr-20100110/bin/../lib/gcc/avr/4.3.3/avr5\libgcc.a(_exit.o)
                              c:/winavr-20100110/bin/../lib/gcc/avr/4.3.3/../../../../avr/lib/avr5/crtm16.o (exit)
c:/winavr-20100110/bin/../lib/gcc/avr/4.3.3/avr5\libgcc.a(_copy_data.o)
                              ./Software/MCAL/DIO/DIO_CODE/DIO_prog.o (__do_copy_data)
c:/winavr-20100110/bin/../lib/gcc/avr/4.3.3/avr5\libgcc.a(_clear_bss.o)
                              ./Software/HAL/LCD/LCD_CODE/LCD_Prog.o (__do_clear_bss)

Memory Configuration

Name             Origin             Length             Attributes
text             0x00000000         0x00020000         xr
data             0x00800060         0x0000ffa0         rw !x
eeprom           0x00810000         0x00010000         rw !x
fuse             0x00820000         0x00000400         rw !x
lock             0x00830000         0x00000400         rw !x
signature        0x00840000         0x00000400         rw !x
*default*        0x00000000         0xffffffff

Linker script and memory map

LOAD c:/winavr-20100110/bin/../lib/gcc/avr/4.3.3/../../../../avr/lib/avr5/crtm16.o
LOAD ./Software/MCAL/DIO/DIO_CODE/DIO_prog.o
LOAD ./Software/HAL/LCD/LCD_Test/LCD_TEST.o
LOAD ./Software/HAL/LCD/LCD_CODE/LCD_Prog.o
LOAD c:/winavr-20100110/bin/../lib/gcc/avr/4.3.3/avr5\libgcc.a
LOAD c:/winavr-20100110/bin/../lib/gcc/avr/4.3.3/../../../../avr/lib/avr5\libc.a
LOAD c:/winavr-20100110/bin/../lib/gcc/avr/4.3.3/avr5\libgcc.a

.hash
 *(.hash)

.dynsym
 *(.dynsym)

.dynstr
 *(.dynstr)

.gnu.version
 *(.gnu.version)

.gnu.version_d
 *(.gnu.version_d)

.gnu.version_r
 *(.gnu.version_r)

.rel.init
 *(.rel.init)

.rela.init
 *(.rela.init)

.rel.text
 *(.rel.text)
 *(.rel.text.*)
 *(.rel.gnu.linkonce.t*)

.rela.text
 *(.rela.text)
 *(.rela.text.*)
 *(.rela.gnu.linkonce.t*)

.rel.fini
 *(.rel.fini)

.rela.fini
 *(.rela.fini)

.rel.rodata
 *(.rel.rodata)
 *(.rel.rodata.*)
 *(.rel.gnu.linkonce.r*)

.rela.rodata
 *(.rela.rodata)
 *(.rela.rodata.*)
 *(.rela.gnu.linkonce.r*)

.rel.data
 *(.rel.data)
 *(.rel.data.*)
 *(.rel.gnu.linkonce.d*)

.rela.data
 *(.rela.data)
 *(.rela.data.*)
 *(.rela.gnu.linkonce.d*)

.rel.ctors
 *(.rel.ctors)

.rela.ctors
 *(.rela.ctors)

.rel.dtors
 *(.rel.dtors)

.rela.dtors
 *(.rela.dtors)

.rel.got
 *(.rel.got)

.rela.got
 *(.rela.got)

.rel.bss
 *(.rel.bss)

.rela.bss
 *(.rela.bss)

.rel.plt
 *(.rel.plt)

.rela.plt
 *(.rela.plt)

.text           0x00000000      0xe72
 *(.vectors)
 .vectors       0x00000000       0x54 c:/winavr-20100110/bin/../lib/gcc/avr/4.3.3/../../../../avr/lib/avr5/crtm16.o
                0x00000000                __vectors
                0x00000000                __vector_default
 *(.vectors)
 *(.progmem.gcc*)
 *(.progmem*)
                0x00000054                . = ALIGN (0x2)
                0x00000054                __trampolines_start = .
 *(.trampolines)
 .trampolines   0x00000054        0x0 linker stubs
 *(.trampolines*)
                0x00000054                __trampolines_end = .
 *(.jumptables)
 *(.jumptables*)
 *(.lowtext)
 *(.lowtext*)
                0x00000054                __ctors_start = .
 *(.ctors)
                0x00000054                __ctors_end = .
                0x00000054                __dtors_start = .
 *(.dtors)
                0x00000054                __dtors_end = .
 SORT(*)(.ctors)
 SORT(*)(.dtors)
 *(.init0)
 .init0         0x00000054        0x0 c:/winavr-20100110/bin/../lib/gcc/avr/4.3.3/../../../../avr/lib/avr5/crtm16.o
                0x00000054                __init
 *(.init0)
 *(.init1)
 *(.init1)
 *(.init2)
 .init2         0x00000054        0xc c:/winavr-20100110/bin/../lib/gcc/avr/4.3.3/../../../../avr/lib/avr5/crtm16.o
 *(.init2)
 *(.init3)
 *(.init3)
 *(.init4)
 .init4         0x00000060       0x16 c:/winavr-20100110/bin/../lib/gcc/avr/4.3.3/avr5\libgcc.a(_copy_data.o)
                0x00000060                __do_copy_data
 .init4         0x00000076       0x10 c:/winavr-20100110/bin/../lib/gcc/avr/4.3.3/avr5\libgcc.a(_clear_bss.o)
                0x00000076                __do_clear_bss
 *(.init4)
 *(.init5)
 *(.init5)
 *(.init6)
 *(.init6)
 *(.init7)
 *(.init7)
 *(.init8)
 *(.init8)
 *(.init9)
 .init9         0x00000086        0x8 c:/winavr-20100110/bin/../lib/gcc/avr/4.3.3/../../../../avr/lib/avr5/crtm16.o
 *(.init9)
 *(.text)
 .text          0x0000008e        0x4 c:/winavr-20100110/bin/../lib/gcc/avr/4.3.3/../../../../avr/lib/avr5/crtm16.o
                0x0000008e                __vector_1
                0x0000008e                __vector_12
                0x0000008e                __bad_interrupt
                0x0000008e                __vector_6
                0x0000008e                __vector_3
                0x0000008e                __vector_11
                0x0000008e                __vector_13
                0x0000008e                __vector_17
                0x0000008e                __vector_19
                0x0000008e                __vector_7
                0x0000008e                __vector_5
                0x0000008e                __vector_4
                0x0000008e                __vector_9
                0x0000008e                __vector_2
                0x0000008e                __vector_15
                0x0000008e                __vector_8
                0x0000008e                __vector_14
                0x0000008e                __vector_10
                0x0000008e                __vector_16
                0x0000008e                __vector_18
                0x0000008e                __vector_20
 .text          0x00000092        0x0 ./Software/MCAL/DIO/DIO_CODE/DIO_prog.o
 .text          0x00000092        0x0 ./Software/HAL/LCD/LCD_Test/LCD_TEST.o
 .text          0x00000092        0x0 ./Software/HAL/LCD/LCD_CODE/LCD_Prog.o
 .text          0x00000092        0x0 c:/winavr-20100110/bin/../lib/gcc/avr/4.3.3/avr5\libgcc.a(_udivmodhi4.o)
 .text          0x00000092        0x0 c:/winavr-20100110/bin/../lib/gcc/avr/4.3.3/avr5\libgcc.a(_exit.o)
 .text          0x00000092        0x0 c:/winavr-20100110/bin/../lib/gcc/avr/4.3.3/avr5\libgcc.a(_copy_data.o)
 .text          0x00000092        0x0 c:/winavr-20100110/bin/../lib/gcc/avr/4.3.3/avr5\libgcc.a(_clear_bss.o)
                0x00000092                . = ALIGN (0x2)
 *(.text.*)
 .text.DIO_VoidInit
                0x00000092       0x6a ./Software/MCAL/DIO/DIO_CODE/DIO_prog.o
                0x00000092                DIO_VoidInit
 .text.DIO_u8ReadPinVal
                0x000000fc       0x96 ./Software/MCAL/DIO/DIO_CODE/DIO_prog.o
                0x000000fc                DIO_u8ReadPinVal
 .text.DIO_u8WritePinVal
                0x00000192       0xde ./Software/MCAL/DIO/DIO_CODE/DIO_prog.o
                0x00000192                DIO_u8WritePinVal
 .text.DIO_u8ReadPortVal
                0x00000270       0x4e ./Software/MCAL/DIO/DIO_CODE/DIO_prog.o
                0x00000270                DIO_u8ReadPortVal
 .text.DIO_u8WritePortVal
                0x000002be       0x4c ./Software/MCAL/DIO/DIO_CODE/DIO_prog.o
                0x000002be                DIO_u8WritePortVal
 .text.DIO_u8WritePinDir
                0x0000030a       0xa2 ./Software/MCAL/DIO/DIO_CODE/DIO_prog.o
                0x0000030a                DIO_u8WritePinDir
 .text.DIO_u8WritePortDir
                0x000003ac       0x42 ./Software/MCAL/DIO/DIO_CODE/DIO_prog.o
                0x000003ac                DIO_u8WritePortDir
 .text.DIO_u8ReadPinDir
                0x000003ee       0x92 ./Software/MCAL/DIO/DIO_CODE/DIO_prog.o
                0x000003ee                DIO_u8ReadPinDir
 .text.DIO_u8ReadPortDir
                0x00000480       0x4e ./Software/MCAL/DIO/DIO_CODE/DIO_prog.o
                0x00000480                DIO_u8ReadPortDir
 .text.main     0x000004ce      0x17c ./Software/HAL/LCD/LCD_Test/LCD_TEST.o
                0x000004ce                main
 .text.LCD_VoidCmd
                0x0000064a       0x94 ./Software/HAL/LCD/LCD_CODE/LCD_Prog.o
                0x0000064a                LCD_VoidCmd
 .text.LCD_EnableLcd
                0x000006de       0xaa ./Software/HAL/LCD/LCD_CODE/LCD_Prog.o
                0x000006de                LCD_EnableLcd
 .text.LCD_VoidData
                0x00000788       0x94 ./Software/HAL/LCD/LCD_CODE/LCD_Prog.o
                0x00000788                LCD_VoidData
 .text.LCD_WaitLcd
                0x0000081c      0x1d6 ./Software/HAL/LCD/LCD_CODE/LCD_Prog.o
                0x0000081c                LCD_WaitLcd
 .text.LCD_VoidInit
                0x000009f2      0x126 ./Software/HAL/LCD/LCD_CODE/LCD_Prog.o
                0x000009f2                LCD_VoidInit
 .text.LCD_VoidString
                0x00000b18       0x3a ./Software/HAL/LCD/LCD_CODE/LCD_Prog.o
                0x00000b18                LCD_VoidString
 .text.LCD_VoidRow
                0x00000b52       0x2c ./Software/HAL/LCD/LCD_CODE/LCD_Prog.o
                0x00000b52                LCD_VoidRow
 .text.LCD_VoidRowString
                0x00000b7e       0x46 ./Software/HAL/LCD/LCD_CODE/LCD_Prog.o
                0x00000b7e                LCD_VoidRowString
 .text.LCD_VoidGotoxy
                0x00000bc4       0x34 ./Software/HAL/LCD/LCD_CODE/LCD_Prog.o
                0x00000bc4                LCD_VoidGotoxy
 .text.LCD_VoidSendStringxy
                0x00000bf8       0x32 ./Software/HAL/LCD/LCD_CODE/LCD_Prog.o
                0x00000bf8                LCD_VoidSendStringxy
 .text.LCD_VoidClearScreen
                0x00000c2a       0x14 ./Software/HAL/LCD/LCD_CODE/LCD_Prog.o
                0x00000c2a                LCD_VoidClearScreen
 .text.LCD_u16ReturnString
                0x00000c3e      0x208 ./Software/HAL/LCD/LCD_CODE/LCD_Prog.o
                0x00000c3e                LCD_u16ReturnString
 .text.libgcc   0x00000e46       0x28 c:/winavr-20100110/bin/../lib/gcc/avr/4.3.3/avr5\libgcc.a(_udivmodhi4.o)
                0x00000e46                __udivmodhi4
 .text.libgcc   0x00000e6e        0x0 c:/winavr-20100110/bin/../lib/gcc/avr/4.3.3/avr5\libgcc.a(_exit.o)
 .text.libgcc   0x00000e6e        0x0 c:/winavr-20100110/bin/../lib/gcc/avr/4.3.3/avr5\libgcc.a(_copy_data.o)
 .text.libgcc   0x00000e6e        0x0 c:/winavr-20100110/bin/../lib/gcc/avr/4.3.3/avr5\libgcc.a(_clear_bss.o)
                0x00000e6e                . = ALIGN (0x2)
 *(.fini9)
 .fini9         0x00000e6e        0x0 c:/winavr-20100110/bin/../lib/gcc/avr/4.3.3/avr5\libgcc.a(_exit.o)
                0x00000e6e                exit
                0x00000e6e                _exit
 *(.fini9)
 *(.fini8)
 *(.fini8)
 *(.fini7)
 *(.fini7)
 *(.fini6)
 *(.fini6)
 *(.fini5)
 *(.fini5)
 *(.fini4)
 *(.fini4)
 *(.fini3)
 *(.fini3)
 *(.fini2)
 *(.fini2)
 *(.fini1)
 *(.fini1)
 *(.fini0)
 .fini0         0x00000e6e        0x4 c:/winavr-20100110/bin/../lib/gcc/avr/4.3.3/avr5\libgcc.a(_exit.o)
 *(.fini0)
                0x00000e72                _etext = .

.data           0x00800060       0x3c load address 0x00000e72
                0x00800060                PROVIDE (__data_start, .)
 *(.data)
 .data          0x00800060        0x0 c:/winavr-20100110/bin/../lib/gcc/avr/4.3.3/../../../../avr/lib/avr5/crtm16.o
 .data          0x00800060        0x0 ./Software/MCAL/DIO/DIO_CODE/DIO_prog.o
 .data          0x00800060       0x23 ./Software/HAL/LCD/LCD_Test/LCD_TEST.o
 .data          0x00800083        0x0 ./Software/HAL/LCD/LCD_CODE/LCD_Prog.o
 .data          0x00800083        0x0 c:/winavr-20100110/bin/../lib/gcc/avr/4.3.3/avr5\libgcc.a(_udivmodhi4.o)
 .data          0x00800083        0x0 c:/winavr-20100110/bin/../lib/gcc/avr/4.3.3/avr5\libgcc.a(_exit.o)
 .data          0x00800083        0x0 c:/winavr-20100110/bin/../lib/gcc/avr/4.3.3/avr5\libgcc.a(_copy_data.o)
 .data          0x00800083        0x0 c:/winavr-20100110/bin/../lib/gcc/avr/4.3.3/avr5\libgcc.a(_clear_bss.o)
 *(.data*)
 *(.rodata)
 *(.rodata*)
 .rodata.DIO_u8ArrPORT
                0x00800083        0x8 ./Software/MCAL/DIO/DIO_CODE/DIO_prog.o
                0x00800083                DIO_u8ArrPORT
 .rodata.DIO_u8ArrDDR
                0x0080008b        0x8 ./Software/MCAL/DIO/DIO_CODE/DIO_prog.o
                0x0080008b                DIO_u8ArrDDR
 .rodata.DIO_u8ArrPIN
                0x00800093        0x8 ./Software/MCAL/DIO/DIO_CODE/DIO_prog.o
                0x00800093                DIO_u8ArrPIN
 *(.gnu.linkonce.d*)
                0x0080009c                . = ALIGN (0x2)
 *fill*         0x0080009b        0x1 00
                0x0080009c                _edata = .
                0x0080009c                PROVIDE (__data_end, .)

.bss            0x0080009c        0xa
                0x0080009c                PROVIDE (__bss_start, .)
 *(.bss)
 .bss           0x0080009c        0x0 c:/winavr-20100110/bin/../lib/gcc/avr/4.3.3/../../../../avr/lib/avr5/crtm16.o
 .bss           0x0080009c        0x0 ./Software/MCAL/DIO/DIO_CODE/DIO_prog.o
 .bss           0x0080009c        0x0 ./Software/HAL/LCD/LCD_Test/LCD_TEST.o
 .bss           0x0080009c        0x0 ./Software/HAL/LCD/LCD_CODE/LCD_Prog.o
 .bss           0x0080009c        0x0 c:/winavr-20100110/bin/../lib/gcc/avr/4.3.3/avr5\libgcc.a(_udivmodhi4.o)
 .bss           0x0080009c        0x0 c:/winavr-20100110/bin/../lib/gcc/avr/4.3.3/avr5\libgcc.a(_exit.o)
 .bss           0x0080009c        0x0 c:/winavr-20100110/bin/../lib/gcc/avr/4.3.3/avr5\libgcc.a(_copy_data.o)
 .bss           0x0080009c        0x0 c:/winavr-20100110/bin/../lib/gcc/avr/4.3.3/avr5\libgcc.a(_clear_bss.o)
 *(.bss*)
 .bss.Local_u16ProcessedString.1370
                0x0080009c        0xa ./Software/HAL/LCD/LCD_CODE/LCD_Prog.o
 *(COMMON)
                0x008000a6                PROVIDE (__bss_end, .)
                0x00000e72                __data_load_start = LOADADDR (.data)
                0x00000eae                __data_load_end = (__data_load_start + SIZEOF (.data))

.noinit         0x008000a6        0x0
                0x008000a6                PROVIDE (__noinit_start, .)
 *(.noinit*)
                0x008000a6                PROVIDE (__noinit_end, .)
                0x008000a6                _end = .
                0x008000a6                PROVIDE (__heap_start, .)

.eeprom         0x00810000        0x0
 *(.eeprom*)
                0x00810000                __eeprom_end = .

.fuse
 *(.fuse)
 *(.lfuse)
 *(.hfuse)
 *(.efuse)

.lock
 *(.lock*)

.signature
 *(.signature*)

.stab           0x00000000     0x1488
 *(.stab)
 .stab          0x00000000      0x7b0 ./Software/MCAL/DIO/DIO_CODE/DIO_prog.o
 .stab          0x000007b0      0x300 ./Software/HAL/LCD/LCD_Test/LCD_TEST.o
                                0x30c (size before relaxing)
 .stab          0x00000ab0      0x9d8 ./Software/HAL/LCD/LCD_CODE/LCD_Prog.o
                                0x9e4 (size before relaxing)

.stabstr        0x00000000      0x8d3
 *(.stabstr)
 .stabstr       0x00000000      0x8d3 ./Software/MCAL/DIO/DIO_CODE/DIO_prog.o

.stab.excl
 *(.stab.excl)

.stab.exclstr
 *(.stab.exclstr)

.stab.index
 *(.stab.index)

.stab.indexstr
 *(.stab.indexstr)

.comment
 *(.comment)

.debug
 *(.debug)

.line
 *(.line)

.debug_srcinfo
 *(.debug_srcinfo)

.debug_sfnames
 *(.debug_sfnames)

.debug_aranges
 *(.debug_aranges)

.debug_pubnames
 *(.debug_pubnames)

.debug_info
 *(.debug_info)
 *(.gnu.linkonce.wi.*)

.debug_abbrev
 *(.debug_abbrev)

.debug_line
 *(.debug_line)

.debug_frame
 *(.debug_frame)

.debug_str
 *(.debug_str)

.debug_loc
 *(.debug_loc)

.debug_macinfo
 *(.debug_macinfo)
OUTPUT(FigerPrint.elf elf32-avr)
LOAD linker stubs
