Archive member included because of file (symbol)

c:/winavr-20100110/bin/../lib/gcc/avr/4.3.3/avr5\libgcc.a(_udivmodhi4.o)
                              ./Software/HAL/LCD/LCD_CODE/LCD_Prog.o (__udivmodhi4)
c:/winavr-20100110/bin/../lib/gcc/avr/4.3.3/avr5\libgcc.a(_exit.o)
                              c:/winavr-20100110/bin/../lib/gcc/avr/4.3.3/../../../../avr/lib/avr5/crtm32.o (exit)
c:/winavr-20100110/bin/../lib/gcc/avr/4.3.3/avr5\libgcc.a(_copy_data.o)
                              ./Software/MCAL/DIO/DIO_CODE/DIO_prog.o (__do_copy_data)
c:/winavr-20100110/bin/../lib/gcc/avr/4.3.3/avr5\libgcc.a(_clear_bss.o)
                              ./Software/HAL/LCD/LCD_CODE/LCD_Prog.o (__do_clear_bss)

Memory Configuration

Name             Origin             Length             Attributes
text             0x00000000         0x00020000         xr
data             0x00800060         0x0000ffa0         rw !x
eeprom           0x00810000         0x00010000         rw !x
fuse             0x00820000         0x00000400         rw !x
lock             0x00830000         0x00000400         rw !x
signature        0x00840000         0x00000400         rw !x
*default*        0x00000000         0xffffffff

Linker script and memory map

LOAD c:/winavr-20100110/bin/../lib/gcc/avr/4.3.3/../../../../avr/lib/avr5/crtm32.o
LOAD ./Software/MCAL/DIO/DIO_CODE/DIO_prog.o
LOAD ./Software/HAL/LCD/LCD_CODE/LCD_Prog.o
LOAD c:/winavr-20100110/bin/../lib/gcc/avr/4.3.3/avr5\libgcc.a
LOAD c:/winavr-20100110/bin/../lib/gcc/avr/4.3.3/../../../../avr/lib/avr5\libc.a
LOAD c:/winavr-20100110/bin/../lib/gcc/avr/4.3.3/avr5\libgcc.a

.hash
 *(.hash)

.dynsym
 *(.dynsym)

.dynstr
 *(.dynstr)

.gnu.version
 *(.gnu.version)

.gnu.version_d
 *(.gnu.version_d)

.gnu.version_r
 *(.gnu.version_r)

.rel.init
 *(.rel.init)

.rela.init
 *(.rela.init)

.rel.text
 *(.rel.text)
 *(.rel.text.*)
 *(.rel.gnu.linkonce.t*)

.rela.text
 *(.rela.text)
 *(.rela.text.*)
 *(.rela.gnu.linkonce.t*)

.rel.fini
 *(.rel.fini)

.rela.fini
 *(.rela.fini)

.rel.rodata
 *(.rel.rodata)
 *(.rel.rodata.*)
 *(.rel.gnu.linkonce.r*)

.rela.rodata
 *(.rela.rodata)
 *(.rela.rodata.*)
 *(.rela.gnu.linkonce.r*)

.rel.data
 *(.rel.data)
 *(.rel.data.*)
 *(.rel.gnu.linkonce.d*)

.rela.data
 *(.rela.data)
 *(.rela.data.*)
 *(.rela.gnu.linkonce.d*)

.rel.ctors
 *(.rel.ctors)

.rela.ctors
 *(.rela.ctors)

.rel.dtors
 *(.rel.dtors)

.rela.dtors
 *(.rela.dtors)

.rel.got
 *(.rel.got)

.rela.got
 *(.rela.got)

.rel.bss
 *(.rel.bss)

.rela.bss
 *(.rela.bss)

.rel.plt
 *(.rel.plt)

.rela.plt
 *(.rela.plt)

.text           0x00000000      0xce2
 *(.vectors)
 .vectors       0x00000000       0x54 c:/winavr-20100110/bin/../lib/gcc/avr/4.3.3/../../../../avr/lib/avr5/crtm32.o
                0x00000000                __vectors
                0x00000000                __vector_default
 *(.vectors)
 *(.progmem.gcc*)
 *(.progmem*)
                0x00000054                . = ALIGN (0x2)
                0x00000054                __trampolines_start = .
 *(.trampolines)
 .trampolines   0x00000054        0x0 linker stubs
 *(.trampolines*)
                0x00000054                __trampolines_end = .
 *(.jumptables)
 *(.jumptables*)
 *(.lowtext)
 *(.lowtext*)
                0x00000054                __ctors_start = .
 *(.ctors)
                0x00000054                __ctors_end = .
                0x00000054                __dtors_start = .
 *(.dtors)
                0x00000054                __dtors_end = .
 SORT(*)(.ctors)
 SORT(*)(.dtors)
 *(.init0)
 .init0         0x00000054        0x0 c:/winavr-20100110/bin/../lib/gcc/avr/4.3.3/../../../../avr/lib/avr5/crtm32.o
                0x00000054                __init
 *(.init0)
 *(.init1)
 *(.init1)
 *(.init2)
 .init2         0x00000054        0xc c:/winavr-20100110/bin/../lib/gcc/avr/4.3.3/../../../../avr/lib/avr5/crtm32.o
 *(.init2)
 *(.init3)
 *(.init3)
 *(.init4)
 .init4         0x00000060       0x16 c:/winavr-20100110/bin/../lib/gcc/avr/4.3.3/avr5\libgcc.a(_copy_data.o)
                0x00000060                __do_copy_data
 .init4         0x00000076       0x10 c:/winavr-20100110/bin/../lib/gcc/avr/4.3.3/avr5\libgcc.a(_clear_bss.o)
                0x00000076                __do_clear_bss
 *(.init4)
 *(.init5)
 *(.init5)
 *(.init6)
 *(.init6)
 *(.init7)
 *(.init7)
 *(.init8)
 *(.init8)
 *(.init9)
 .init9         0x00000086        0x8 c:/winavr-20100110/bin/../lib/gcc/avr/4.3.3/../../../../avr/lib/avr5/crtm32.o
 *(.init9)
 *(.text)
 .text          0x0000008e        0x4 c:/winavr-20100110/bin/../lib/gcc/avr/4.3.3/../../../../avr/lib/avr5/crtm32.o
                0x0000008e                __vector_1
                0x0000008e                __vector_12
                0x0000008e                __bad_interrupt
                0x0000008e                __vector_6
                0x0000008e                __vector_3
                0x0000008e                __vector_11
                0x0000008e                __vector_13
                0x0000008e                __vector_17
                0x0000008e                __vector_19
                0x0000008e                __vector_7
                0x0000008e                __vector_5
                0x0000008e                __vector_4
                0x0000008e                __vector_9
                0x0000008e                __vector_2
                0x0000008e                __vector_15
                0x0000008e                __vector_8
                0x0000008e                __vector_14
                0x0000008e                __vector_10
                0x0000008e                __vector_16
                0x0000008e                __vector_18
                0x0000008e                __vector_20
 .text          0x00000092        0x0 ./Software/MCAL/DIO/DIO_CODE/DIO_prog.o
 .text          0x00000092        0x0 ./Software/HAL/LCD/LCD_CODE/LCD_Prog.o
 .text          0x00000092        0x0 c:/winavr-20100110/bin/../lib/gcc/avr/4.3.3/avr5\libgcc.a(_udivmodhi4.o)
 .text          0x00000092        0x0 c:/winavr-20100110/bin/../lib/gcc/avr/4.3.3/avr5\libgcc.a(_exit.o)
 .text          0x00000092        0x0 c:/winavr-20100110/bin/../lib/gcc/avr/4.3.3/avr5\libgcc.a(_copy_data.o)
 .text          0x00000092        0x0 c:/winavr-20100110/bin/../lib/gcc/avr/4.3.3/avr5\libgcc.a(_clear_bss.o)
                0x00000092                . = ALIGN (0x2)
 *(.text.*)
 .text.DIO_VoidInit
                0x00000092       0x5a ./Software/MCAL/DIO/DIO_CODE/DIO_prog.o
                0x00000092                DIO_VoidInit
 .text.DIO_u8ReadPinVal
                0x000000ec       0x96 ./Software/MCAL/DIO/DIO_CODE/DIO_prog.o
                0x000000ec                DIO_u8ReadPinVal
 .text.DIO_u8WritePinVal
                0x00000182       0xde ./Software/MCAL/DIO/DIO_CODE/DIO_prog.o
                0x00000182                DIO_u8WritePinVal
 .text.DIO_u8ReadPortVal
                0x00000260       0x4e ./Software/MCAL/DIO/DIO_CODE/DIO_prog.o
                0x00000260                DIO_u8ReadPortVal
 .text.DIO_u8WritePortVal
                0x000002ae       0x4c ./Software/MCAL/DIO/DIO_CODE/DIO_prog.o
                0x000002ae                DIO_u8WritePortVal
 .text.DIO_u8WritePinDir
                0x000002fa       0xa2 ./Software/MCAL/DIO/DIO_CODE/DIO_prog.o
                0x000002fa                DIO_u8WritePinDir
 .text.DIO_u8WritePortDir
                0x0000039c       0x42 ./Software/MCAL/DIO/DIO_CODE/DIO_prog.o
                0x0000039c                DIO_u8WritePortDir
 .text.DIO_u8ReadPinDir
                0x000003de       0x92 ./Software/MCAL/DIO/DIO_CODE/DIO_prog.o
                0x000003de                DIO_u8ReadPinDir
 .text.DIO_u8ReadPortDir
                0x00000470       0x4e ./Software/MCAL/DIO/DIO_CODE/DIO_prog.o
                0x00000470                DIO_u8ReadPortDir
 .text.LCD_VoidCmd
                0x000004be       0x94 ./Software/HAL/LCD/LCD_CODE/LCD_Prog.o
                0x000004be                LCD_VoidCmd
 .text.LCD_EnableLcd
                0x00000552       0xaa ./Software/HAL/LCD/LCD_CODE/LCD_Prog.o
                0x00000552                LCD_EnableLcd
 .text.LCD_VoidData
                0x000005fc       0x94 ./Software/HAL/LCD/LCD_CODE/LCD_Prog.o
                0x000005fc                LCD_VoidData
 .text.LCD_WaitLcd
                0x00000690      0x1d6 ./Software/HAL/LCD/LCD_CODE/LCD_Prog.o
                0x00000690                LCD_WaitLcd
 .text.LCD_VoidInit
                0x00000866      0x126 ./Software/HAL/LCD/LCD_CODE/LCD_Prog.o
                0x00000866                LCD_VoidInit
 .text.LCD_VoidString
                0x0000098c       0x3a ./Software/HAL/LCD/LCD_CODE/LCD_Prog.o
                0x0000098c                LCD_VoidString
 .text.LCD_VoidRow
                0x000009c6       0x2c ./Software/HAL/LCD/LCD_CODE/LCD_Prog.o
                0x000009c6                LCD_VoidRow
 .text.LCD_VoidRowString
                0x000009f2       0x46 ./Software/HAL/LCD/LCD_CODE/LCD_Prog.o
                0x000009f2                LCD_VoidRowString
 .text.LCD_VoidGotoxy
                0x00000a38       0x30 ./Software/HAL/LCD/LCD_CODE/LCD_Prog.o
                0x00000a38                LCD_VoidGotoxy
 .text.LCD_VoidSendStringxy
                0x00000a68       0x32 ./Software/HAL/LCD/LCD_CODE/LCD_Prog.o
                0x00000a68                LCD_VoidSendStringxy
 .text.LCD_VoidClearScreen
                0x00000a9a       0x14 ./Software/HAL/LCD/LCD_CODE/LCD_Prog.o
                0x00000a9a                LCD_VoidClearScreen
 .text.LCD_u16ReturnString
                0x00000aae      0x208 ./Software/HAL/LCD/LCD_CODE/LCD_Prog.o
                0x00000aae                LCD_u16ReturnString
 .text.libgcc   0x00000cb6       0x28 c:/winavr-20100110/bin/../lib/gcc/avr/4.3.3/avr5\libgcc.a(_udivmodhi4.o)
                0x00000cb6                __udivmodhi4
 .text.libgcc   0x00000cde        0x0 c:/winavr-20100110/bin/../lib/gcc/avr/4.3.3/avr5\libgcc.a(_exit.o)
 .text.libgcc   0x00000cde        0x0 c:/winavr-20100110/bin/../lib/gcc/avr/4.3.3/avr5\libgcc.a(_copy_data.o)
 .text.libgcc   0x00000cde        0x0 c:/winavr-20100110/bin/../lib/gcc/avr/4.3.3/avr5\libgcc.a(_clear_bss.o)
                0x00000cde                . = ALIGN (0x2)
 *(.fini9)
 .fini9         0x00000cde        0x0 c:/winavr-20100110/bin/../lib/gcc/avr/4.3.3/avr5\libgcc.a(_exit.o)
                0x00000cde                exit
                0x00000cde                _exit
 *(.fini9)
 *(.fini8)
 *(.fini8)
 *(.fini7)
 *(.fini7)
 *(.fini6)
 *(.fini6)
 *(.fini5)
 *(.fini5)
 *(.fini4)
 *(.fini4)
 *(.fini3)
 *(.fini3)
 *(.fini2)
 *(.fini2)
 *(.fini1)
 *(.fini1)
 *(.fini0)
 .fini0         0x00000cde        0x4 c:/winavr-20100110/bin/../lib/gcc/avr/4.3.3/avr5\libgcc.a(_exit.o)
 *(.fini0)
                0x00000ce2                _etext = .

.data           0x00800060       0x18 load address 0x00000ce2
                0x00800060                PROVIDE (__data_start, .)
 *(.data)
 .data          0x00800060        0x0 c:/winavr-20100110/bin/../lib/gcc/avr/4.3.3/../../../../avr/lib/avr5/crtm32.o
 .data          0x00800060        0x0 ./Software/MCAL/DIO/DIO_CODE/DIO_prog.o
 .data          0x00800060        0x0 ./Software/HAL/LCD/LCD_CODE/LCD_Prog.o
 .data          0x00800060        0x0 c:/winavr-20100110/bin/../lib/gcc/avr/4.3.3/avr5\libgcc.a(_udivmodhi4.o)
 .data          0x00800060        0x0 c:/winavr-20100110/bin/../lib/gcc/avr/4.3.3/avr5\libgcc.a(_exit.o)
 .data          0x00800060        0x0 c:/winavr-20100110/bin/../lib/gcc/avr/4.3.3/avr5\libgcc.a(_copy_data.o)
 .data          0x00800060        0x0 c:/winavr-20100110/bin/../lib/gcc/avr/4.3.3/avr5\libgcc.a(_clear_bss.o)
 *(.data*)
 *(.rodata)
 *(.rodata*)
 .rodata.DIO_u8ArrPORT
                0x00800060        0x8 ./Software/MCAL/DIO/DIO_CODE/DIO_prog.o
                0x00800060                DIO_u8ArrPORT
 .rodata.DIO_u8ArrDDR
                0x00800068        0x8 ./Software/MCAL/DIO/DIO_CODE/DIO_prog.o
                0x00800068                DIO_u8ArrDDR
 .rodata.DIO_u8ArrPIN
                0x00800070        0x8 ./Software/MCAL/DIO/DIO_CODE/DIO_prog.o
                0x00800070                DIO_u8ArrPIN
 *(.gnu.linkonce.d*)
                0x00800078                . = ALIGN (0x2)
                0x00800078                _edata = .
                0x00800078                PROVIDE (__data_end, .)

.bss            0x00800078        0xa
                0x00800078                PROVIDE (__bss_start, .)
 *(.bss)
 .bss           0x00800078        0x0 c:/winavr-20100110/bin/../lib/gcc/avr/4.3.3/../../../../avr/lib/avr5/crtm32.o
 .bss           0x00800078        0x0 ./Software/MCAL/DIO/DIO_CODE/DIO_prog.o
 .bss           0x00800078        0x0 ./Software/HAL/LCD/LCD_CODE/LCD_Prog.o
 .bss           0x00800078        0x0 c:/winavr-20100110/bin/../lib/gcc/avr/4.3.3/avr5\libgcc.a(_udivmodhi4.o)
 .bss           0x00800078        0x0 c:/winavr-20100110/bin/../lib/gcc/avr/4.3.3/avr5\libgcc.a(_exit.o)
 .bss           0x00800078        0x0 c:/winavr-20100110/bin/../lib/gcc/avr/4.3.3/avr5\libgcc.a(_copy_data.o)
 .bss           0x00800078        0x0 c:/winavr-20100110/bin/../lib/gcc/avr/4.3.3/avr5\libgcc.a(_clear_bss.o)
 *(.bss*)
 .bss.Local_u16ProcessedString.1367
                0x00800078        0xa ./Software/HAL/LCD/LCD_CODE/LCD_Prog.o
 *(COMMON)
                0x00800082                PROVIDE (__bss_end, .)
                0x00000ce2                __data_load_start = LOADADDR (.data)
                0x00000cfa                __data_load_end = (__data_load_start + SIZEOF (.data))

.noinit         0x00800082        0x0
                0x00800082                PROVIDE (__noinit_start, .)
 *(.noinit*)
                0x00800082                PROVIDE (__noinit_end, .)
                0x00800082                _end = .
                0x00800082                PROVIDE (__heap_start, .)

.eeprom         0x00810000        0x0
 *(.eeprom*)
                0x00810000                __eeprom_end = .

.fuse
 *(.fuse)
 *(.lfuse)
 *(.hfuse)
 *(.efuse)

.lock
 *(.lock*)

.signature
 *(.signature*)

.stab           0x00000000     0x117c
 *(.stab)
 .stab          0x00000000      0x7b0 ./Software/MCAL/DIO/DIO_CODE/DIO_prog.o
 .stab          0x000007b0      0x9cc ./Software/HAL/LCD/LCD_CODE/LCD_Prog.o
                                0x9d8 (size before relaxing)

.stabstr        0x00000000      0x860
 *(.stabstr)
 .stabstr       0x00000000      0x860 ./Software/MCAL/DIO/DIO_CODE/DIO_prog.o

.stab.excl
 *(.stab.excl)

.stab.exclstr
 *(.stab.exclstr)

.stab.index
 *(.stab.index)

.stab.indexstr
 *(.stab.indexstr)

.comment
 *(.comment)

.debug
 *(.debug)

.line
 *(.line)

.debug_srcinfo
 *(.debug_srcinfo)

.debug_sfnames
 *(.debug_sfnames)

.debug_aranges
 *(.debug_aranges)

.debug_pubnames
 *(.debug_pubnames)

.debug_info
 *(.debug_info)
 *(.gnu.linkonce.wi.*)

.debug_abbrev
 *(.debug_abbrev)

.debug_line
 *(.debug_line)

.debug_frame
 *(.debug_frame)

.debug_str
 *(.debug_str)

.debug_loc
 *(.debug_loc)

.debug_macinfo
 *(.debug_macinfo)
OUTPUT(FigerPrint.elf elf32-avr)
LOAD linker stubs
