Archive member included because of file (symbol)

c:/winavr-20100110/bin/../lib/gcc/avr/4.3.3/avr5\libgcc.a(_udivmodhi4.o)
                              ./Software/HAL/LCD/LCD_CODE/LCD_Prog.o (__udivmodhi4)
c:/winavr-20100110/bin/../lib/gcc/avr/4.3.3/avr5\libgcc.a(_exit.o)
                              c:/winavr-20100110/bin/../lib/gcc/avr/4.3.3/../../../../avr/lib/avr5/crtm32.o (exit)
c:/winavr-20100110/bin/../lib/gcc/avr/4.3.3/avr5\libgcc.a(_copy_data.o)
                              ./Software/MCAL/DIO/DIO_CODE/DIO_prog.o (__do_copy_data)
c:/winavr-20100110/bin/../lib/gcc/avr/4.3.3/avr5\libgcc.a(_clear_bss.o)
                              ./Software/HAL/LCD/LCD_CODE/LCD_Prog.o (__do_clear_bss)

Memory Configuration

Name             Origin             Length             Attributes
text             0x00000000         0x00020000         xr
data             0x00800060         0x0000ffa0         rw !x
eeprom           0x00810000         0x00010000         rw !x
fuse             0x00820000         0x00000400         rw !x
lock             0x00830000         0x00000400         rw !x
signature        0x00840000         0x00000400         rw !x
*default*        0x00000000         0xffffffff

Linker script and memory map

LOAD c:/winavr-20100110/bin/../lib/gcc/avr/4.3.3/../../../../avr/lib/avr5/crtm32.o
LOAD ./Software/MCAL/DIO/DIO_CODE/DIO_prog.o
LOAD ./Software/HAL/LCD/LCD_CODE/LCD_Prog.o
LOAD c:/winavr-20100110/bin/../lib/gcc/avr/4.3.3/avr5\libgcc.a
LOAD c:/winavr-20100110/bin/../lib/gcc/avr/4.3.3/../../../../avr/lib/avr5\libc.a
LOAD c:/winavr-20100110/bin/../lib/gcc/avr/4.3.3/avr5\libgcc.a

.hash
 *(.hash)

.dynsym
 *(.dynsym)

.dynstr
 *(.dynstr)

.gnu.version
 *(.gnu.version)

.gnu.version_d
 *(.gnu.version_d)

.gnu.version_r
 *(.gnu.version_r)

.rel.init
 *(.rel.init)

.rela.init
 *(.rela.init)

.rel.text
 *(.rel.text)
 *(.rel.text.*)
 *(.rel.gnu.linkonce.t*)

.rela.text
 *(.rela.text)
 *(.rela.text.*)
 *(.rela.gnu.linkonce.t*)

.rel.fini
 *(.rel.fini)

.rela.fini
 *(.rela.fini)

.rel.rodata
 *(.rel.rodata)
 *(.rel.rodata.*)
 *(.rel.gnu.linkonce.r*)

.rela.rodata
 *(.rela.rodata)
 *(.rela.rodata.*)
 *(.rela.gnu.linkonce.r*)

.rel.data
 *(.rel.data)
 *(.rel.data.*)
 *(.rel.gnu.linkonce.d*)

.rela.data
 *(.rela.data)
 *(.rela.data.*)
 *(.rela.gnu.linkonce.d*)

.rel.ctors
 *(.rel.ctors)

.rela.ctors
 *(.rela.ctors)

.rel.dtors
 *(.rel.dtors)

.rela.dtors
 *(.rela.dtors)

.rel.got
 *(.rel.got)

.rela.got
 *(.rela.got)

.rel.bss
 *(.rel.bss)

.rela.bss
 *(.rela.bss)

.rel.plt
 *(.rel.plt)

.rela.plt
 *(.rela.plt)

.text           0x00000000      0x69a
 *(.vectors)
 .vectors       0x00000000       0x54 c:/winavr-20100110/bin/../lib/gcc/avr/4.3.3/../../../../avr/lib/avr5/crtm32.o
                0x00000000                __vectors
                0x00000000                __vector_default
 *(.vectors)
 *(.progmem.gcc*)
 *(.progmem*)
                0x00000054                . = ALIGN (0x2)
                0x00000054                __trampolines_start = .
 *(.trampolines)
 .trampolines   0x00000054        0x0 linker stubs
 *(.trampolines*)
                0x00000054                __trampolines_end = .
 *(.jumptables)
 *(.jumptables*)
 *(.lowtext)
 *(.lowtext*)
                0x00000054                __ctors_start = .
 *(.ctors)
                0x00000054                __ctors_end = .
                0x00000054                __dtors_start = .
 *(.dtors)
                0x00000054                __dtors_end = .
 SORT(*)(.ctors)
 SORT(*)(.dtors)
 *(.init0)
 .init0         0x00000054        0x0 c:/winavr-20100110/bin/../lib/gcc/avr/4.3.3/../../../../avr/lib/avr5/crtm32.o
                0x00000054                __init
 *(.init0)
 *(.init1)
 *(.init1)
 *(.init2)
 .init2         0x00000054        0xc c:/winavr-20100110/bin/../lib/gcc/avr/4.3.3/../../../../avr/lib/avr5/crtm32.o
 *(.init2)
 *(.init3)
 *(.init3)
 *(.init4)
 .init4         0x00000060       0x16 c:/winavr-20100110/bin/../lib/gcc/avr/4.3.3/avr5\libgcc.a(_copy_data.o)
                0x00000060                __do_copy_data
 .init4         0x00000076       0x10 c:/winavr-20100110/bin/../lib/gcc/avr/4.3.3/avr5\libgcc.a(_clear_bss.o)
                0x00000076                __do_clear_bss
 *(.init4)
 *(.init5)
 *(.init5)
 *(.init6)
 *(.init6)
 *(.init7)
 *(.init7)
 *(.init8)
 *(.init8)
 *(.init9)
 .init9         0x00000086        0x8 c:/winavr-20100110/bin/../lib/gcc/avr/4.3.3/../../../../avr/lib/avr5/crtm32.o
 *(.init9)
 *(.text)
 .text          0x0000008e        0x4 c:/winavr-20100110/bin/../lib/gcc/avr/4.3.3/../../../../avr/lib/avr5/crtm32.o
                0x0000008e                __vector_1
                0x0000008e                __vector_12
                0x0000008e                __bad_interrupt
                0x0000008e                __vector_6
                0x0000008e                __vector_3
                0x0000008e                __vector_11
                0x0000008e                __vector_13
                0x0000008e                __vector_17
                0x0000008e                __vector_19
                0x0000008e                __vector_7
                0x0000008e                __vector_5
                0x0000008e                __vector_4
                0x0000008e                __vector_9
                0x0000008e                __vector_2
                0x0000008e                __vector_15
                0x0000008e                __vector_8
                0x0000008e                __vector_14
                0x0000008e                __vector_10
                0x0000008e                __vector_16
                0x0000008e                __vector_18
                0x0000008e                __vector_20
 .text          0x00000092        0x0 ./Software/MCAL/DIO/DIO_CODE/DIO_prog.o
 .text          0x00000092        0x0 ./Software/HAL/LCD/LCD_CODE/LCD_Prog.o
 .text          0x00000092        0x0 c:/winavr-20100110/bin/../lib/gcc/avr/4.3.3/avr5\libgcc.a(_udivmodhi4.o)
 .text          0x00000092        0x0 c:/winavr-20100110/bin/../lib/gcc/avr/4.3.3/avr5\libgcc.a(_exit.o)
 .text          0x00000092        0x0 c:/winavr-20100110/bin/../lib/gcc/avr/4.3.3/avr5\libgcc.a(_copy_data.o)
 .text          0x00000092        0x0 c:/winavr-20100110/bin/../lib/gcc/avr/4.3.3/avr5\libgcc.a(_clear_bss.o)
                0x00000092                . = ALIGN (0x2)
 *(.text.*)
 .text.DIO_VoidInit
                0x00000092       0x1e ./Software/MCAL/DIO/DIO_CODE/DIO_prog.o
                0x00000092                DIO_VoidInit
 .text.DIO_u8ReadPinVal
                0x000000b0       0x4e ./Software/MCAL/DIO/DIO_CODE/DIO_prog.o
                0x000000b0                DIO_u8ReadPinVal
 .text.DIO_u8WritePinVal
                0x000000fe       0x68 ./Software/MCAL/DIO/DIO_CODE/DIO_prog.o
                0x000000fe                DIO_u8WritePinVal
 .text.DIO_u8ReadPortVal
                0x00000166       0x24 ./Software/MCAL/DIO/DIO_CODE/DIO_prog.o
                0x00000166                DIO_u8ReadPortVal
 .text.DIO_u8WritePortVal
                0x0000018a       0x24 ./Software/MCAL/DIO/DIO_CODE/DIO_prog.o
                0x0000018a                DIO_u8WritePortVal
 .text.DIO_u8WritePinDir
                0x000001ae       0x46 ./Software/MCAL/DIO/DIO_CODE/DIO_prog.o
                0x000001ae                DIO_u8WritePinDir
 .text.DIO_u8WritePortDir
                0x000001f4       0x1c ./Software/MCAL/DIO/DIO_CODE/DIO_prog.o
                0x000001f4                DIO_u8WritePortDir
 .text.DIO_u8ReadPinDir
                0x00000210       0x48 ./Software/MCAL/DIO/DIO_CODE/DIO_prog.o
                0x00000210                DIO_u8ReadPinDir
 .text.DIO_u8ReadPortDir
                0x00000258       0x24 ./Software/MCAL/DIO/DIO_CODE/DIO_prog.o
                0x00000258                DIO_u8ReadPortDir
 .text.LCD_u16ReturnString
                0x0000027c       0xf4 ./Software/HAL/LCD/LCD_CODE/LCD_Prog.o
                0x0000027c                LCD_u16ReturnString
 .text.LCD_EnableLcd
                0x00000370       0x32 ./Software/HAL/LCD/LCD_CODE/LCD_Prog.o
                0x00000370                LCD_EnableLcd
 .text.LCD_WaitLcd
                0x000003a2      0x120 ./Software/HAL/LCD/LCD_CODE/LCD_Prog.o
                0x000003a2                LCD_WaitLcd
 .text.LCD_VoidData
                0x000004c2       0x68 ./Software/HAL/LCD/LCD_CODE/LCD_Prog.o
                0x000004c2                LCD_VoidData
 .text.LCD_VoidString
                0x0000052a       0x1a ./Software/HAL/LCD/LCD_CODE/LCD_Prog.o
                0x0000052a                LCD_VoidString
 .text.LCD_VoidCmd
                0x00000544       0x68 ./Software/HAL/LCD/LCD_CODE/LCD_Prog.o
                0x00000544                LCD_VoidCmd
 .text.LCD_VoidClearScreen
                0x000005ac        0x8 ./Software/HAL/LCD/LCD_CODE/LCD_Prog.o
                0x000005ac                LCD_VoidClearScreen
 .text.LCD_VoidGotoxy
                0x000005b4       0x10 ./Software/HAL/LCD/LCD_CODE/LCD_Prog.o
                0x000005b4                LCD_VoidGotoxy
 .text.LCD_VoidSendStringxy
                0x000005c4       0x1a ./Software/HAL/LCD/LCD_CODE/LCD_Prog.o
                0x000005c4                LCD_VoidSendStringxy
 .text.LCD_VoidRow
                0x000005de       0x18 ./Software/HAL/LCD/LCD_CODE/LCD_Prog.o
                0x000005de                LCD_VoidRow
 .text.LCD_VoidRowString
                0x000005f6       0x1e ./Software/HAL/LCD/LCD_CODE/LCD_Prog.o
                0x000005f6                LCD_VoidRowString
 .text.LCD_VoidInit
                0x00000614       0x5a ./Software/HAL/LCD/LCD_CODE/LCD_Prog.o
                0x00000614                LCD_VoidInit
 .text.libgcc   0x0000066e       0x28 c:/winavr-20100110/bin/../lib/gcc/avr/4.3.3/avr5\libgcc.a(_udivmodhi4.o)
                0x0000066e                __udivmodhi4
 .text.libgcc   0x00000696        0x0 c:/winavr-20100110/bin/../lib/gcc/avr/4.3.3/avr5\libgcc.a(_exit.o)
 .text.libgcc   0x00000696        0x0 c:/winavr-20100110/bin/../lib/gcc/avr/4.3.3/avr5\libgcc.a(_copy_data.o)
 .text.libgcc   0x00000696        0x0 c:/winavr-20100110/bin/../lib/gcc/avr/4.3.3/avr5\libgcc.a(_clear_bss.o)
                0x00000696                . = ALIGN (0x2)
 *(.fini9)
 .fini9         0x00000696        0x0 c:/winavr-20100110/bin/../lib/gcc/avr/4.3.3/avr5\libgcc.a(_exit.o)
                0x00000696                exit
                0x00000696                _exit
 *(.fini9)
 *(.fini8)
 *(.fini8)
 *(.fini7)
 *(.fini7)
 *(.fini6)
 *(.fini6)
 *(.fini5)
 *(.fini5)
 *(.fini4)
 *(.fini4)
 *(.fini3)
 *(.fini3)
 *(.fini2)
 *(.fini2)
 *(.fini1)
 *(.fini1)
 *(.fini0)
 .fini0         0x00000696        0x4 c:/winavr-20100110/bin/../lib/gcc/avr/4.3.3/avr5\libgcc.a(_exit.o)
 *(.fini0)
                0x0000069a                _etext = .

.data           0x00800060       0x18 load address 0x0000069a
                0x00800060                PROVIDE (__data_start, .)
 *(.data)
 .data          0x00800060        0x0 c:/winavr-20100110/bin/../lib/gcc/avr/4.3.3/../../../../avr/lib/avr5/crtm32.o
 .data          0x00800060        0x0 ./Software/MCAL/DIO/DIO_CODE/DIO_prog.o
 .data          0x00800060        0x0 ./Software/HAL/LCD/LCD_CODE/LCD_Prog.o
 .data          0x00800060        0x0 c:/winavr-20100110/bin/../lib/gcc/avr/4.3.3/avr5\libgcc.a(_udivmodhi4.o)
 .data          0x00800060        0x0 c:/winavr-20100110/bin/../lib/gcc/avr/4.3.3/avr5\libgcc.a(_exit.o)
 .data          0x00800060        0x0 c:/winavr-20100110/bin/../lib/gcc/avr/4.3.3/avr5\libgcc.a(_copy_data.o)
 .data          0x00800060        0x0 c:/winavr-20100110/bin/../lib/gcc/avr/4.3.3/avr5\libgcc.a(_clear_bss.o)
 *(.data*)
 *(.rodata)
 *(.rodata*)
 .rodata.DIO_u8ArrPORT
                0x00800060        0x8 ./Software/MCAL/DIO/DIO_CODE/DIO_prog.o
                0x00800060                DIO_u8ArrPORT
 .rodata.DIO_u8ArrDDR
                0x00800068        0x8 ./Software/MCAL/DIO/DIO_CODE/DIO_prog.o
                0x00800068                DIO_u8ArrDDR
 .rodata.DIO_u8ArrPIN
                0x00800070        0x8 ./Software/MCAL/DIO/DIO_CODE/DIO_prog.o
                0x00800070                DIO_u8ArrPIN
 *(.gnu.linkonce.d*)
                0x00800078                . = ALIGN (0x2)
                0x00800078                _edata = .
                0x00800078                PROVIDE (__data_end, .)

.bss            0x00800078        0xa
                0x00800078                PROVIDE (__bss_start, .)
 *(.bss)
 .bss           0x00800078        0x0 c:/winavr-20100110/bin/../lib/gcc/avr/4.3.3/../../../../avr/lib/avr5/crtm32.o
 .bss           0x00800078        0x0 ./Software/MCAL/DIO/DIO_CODE/DIO_prog.o
 .bss           0x00800078        0x0 ./Software/HAL/LCD/LCD_CODE/LCD_Prog.o
 .bss           0x00800078        0x0 c:/winavr-20100110/bin/../lib/gcc/avr/4.3.3/avr5\libgcc.a(_udivmodhi4.o)
 .bss           0x00800078        0x0 c:/winavr-20100110/bin/../lib/gcc/avr/4.3.3/avr5\libgcc.a(_exit.o)
 .bss           0x00800078        0x0 c:/winavr-20100110/bin/../lib/gcc/avr/4.3.3/avr5\libgcc.a(_copy_data.o)
 .bss           0x00800078        0x0 c:/winavr-20100110/bin/../lib/gcc/avr/4.3.3/avr5\libgcc.a(_clear_bss.o)
 *(.bss*)
 .bss.Local_u16ProcessedString.1356
                0x00800078        0xa ./Software/HAL/LCD/LCD_CODE/LCD_Prog.o
 *(COMMON)
                0x00800082                PROVIDE (__bss_end, .)
                0x0000069a                __data_load_start = LOADADDR (.data)
                0x000006b2                __data_load_end = (__data_load_start + SIZEOF (.data))

.noinit         0x00800082        0x0
                0x00800082                PROVIDE (__noinit_start, .)
 *(.noinit*)
                0x00800082                PROVIDE (__noinit_end, .)
                0x00800082                _end = .
                0x00800082                PROVIDE (__heap_start, .)

.eeprom         0x00810000        0x0
 *(.eeprom*)
                0x00810000                __eeprom_end = .

.fuse
 *(.fuse)
 *(.lfuse)
 *(.hfuse)
 *(.efuse)

.lock
 *(.lock*)

.signature
 *(.signature*)

.stab
 *(.stab)

.stabstr
 *(.stabstr)

.stab.excl
 *(.stab.excl)

.stab.exclstr
 *(.stab.exclstr)

.stab.index
 *(.stab.index)

.stab.indexstr
 *(.stab.indexstr)

.comment
 *(.comment)

.debug
 *(.debug)

.line
 *(.line)

.debug_srcinfo
 *(.debug_srcinfo)

.debug_sfnames
 *(.debug_sfnames)

.debug_aranges
 *(.debug_aranges)

.debug_pubnames
 *(.debug_pubnames)

.debug_info
 *(.debug_info)
 *(.gnu.linkonce.wi.*)

.debug_abbrev
 *(.debug_abbrev)

.debug_line
 *(.debug_line)

.debug_frame
 *(.debug_frame)

.debug_str
 *(.debug_str)

.debug_loc
 *(.debug_loc)

.debug_macinfo
 *(.debug_macinfo)
OUTPUT(FigerPrint.elf elf32-avr)
LOAD linker stubs
